// Jest Snapshot v1, https://goo.gl/fbAQLP

exports[`renders correctly 1`] = `
<View
  style={
    Object {
      "backgroundColor": "white",
      "borderColor": "#e1e8ee",
      "borderWidth": 1,
      "margin": 15,
      "marginBottom": 0,
      "padding": 15,
      "shadowColor": "rgba(0,0,0, .2)",
      "shadowOffset": Object {
        "height": 0,
        "width": 0,
      },
      "shadowOpacity": 1,
      "shadowRadius": 1,
    }
  }
>
  <View
    style={
      Object {
        "backgroundColor": "transparent",
      }
    }
  >
    <View>
      <Text
        style={
          Object {
            "color": "#43484d",
            "fontSize": 17.5,
            "fontWeight": "bold",
            "marginBottom": 15,
            "textAlign": "center",
          }
        }
        testID="cardTitle"
        theme={
          Object {
            "colors": Object {
              "disabled": "hsl(208, 8%, 90%)",
              "divider": "#bcbbc1",
              "error": "#ff190c",
              "grey0": "#393e42",
              "grey1": "#43484d",
              "grey2": "#5e6977",
              "grey3": "#86939e",
              "grey4": "#bdc6cf",
              "grey5": "#e1e8ee",
              "greyOutline": "#bbb",
              "platform": Object {
                "android": Object {
                  "error": "#f44336",
                  "primary": "#2196f3",
                  "secondary": "#9C27B0",
                  "success": "#4caf50",
                  "warning": "#ffeb3b",
                },
                "ios": Object {
                  "error": "#ff3b30",
                  "primary": "#007aff",
                  "secondary": "#5856d6",
                  "success": "#4cd964",
                  "warning": "#ffcc00",
                },
              },
              "primary": "#2089dc",
              "searchBg": "#303337",
              "secondary": "#8F0CE8",
              "success": "#52c41a",
              "warning": "#faad14",
            },
          }
        }
      >
        mock name
      </Text>
      <View
        style={
          Object {
            "backgroundColor": "#bcbbc1",
            "height": 0.5,
            "marginBottom": 15,
          }
        }
      />
    </View>
    <View
      style={
        Object {
          "backgroundColor": "transparent",
        }
      }
    >
      <View
        accessible={true}
        isTVSelectable={true}
        onResponderGrant={[Function]}
        onResponderMove={[Function]}
        onResponderRelease={[Function]}
        onResponderTerminate={[Function]}
        onResponderTerminationRequest={[Function]}
        onStartShouldSetResponder={[Function]}
        style={
          Object {
            "opacity": 1,
          }
        }
      >
        <View
          accessibilityIgnoresInvertColors={true}
          style={
            Object {
              "backgroundColor": "transparent",
              "position": "relative",
            }
          }
        >
          <Image
            onLoad={[Function]}
            source={
              Object {
                "uri": "http://mock.com/mock.jpg",
              }
            }
            style={
              Array [
                Object {
                  "bottom": 0,
                  "left": 0,
                  "position": "absolute",
                  "right": 0,
                  "top": 0,
                },
                Object {
                  "height": 310,
                  "width": 223,
                },
              ]
            }
            testID="RNE__Image"
            theme={
              Object {
                "colors": Object {
                  "disabled": "hsl(208, 8%, 90%)",
                  "divider": "#bcbbc1",
                  "error": "#ff190c",
                  "grey0": "#393e42",
                  "grey1": "#43484d",
                  "grey2": "#5e6977",
                  "grey3": "#86939e",
                  "grey4": "#bdc6cf",
                  "grey5": "#e1e8ee",
                  "greyOutline": "#bbb",
                  "platform": Object {
                    "android": Object {
                      "error": "#f44336",
                      "primary": "#2196f3",
                      "secondary": "#9C27B0",
                      "success": "#4caf50",
                      "warning": "#ffeb3b",
                    },
                    "ios": Object {
                      "error": "#ff3b30",
                      "primary": "#007aff",
                      "secondary": "#5856d6",
                      "success": "#4cd964",
                      "warning": "#ffcc00",
                    },
                  },
                  "primary": "#2089dc",
                  "searchBg": "#303337",
                  "secondary": "#8F0CE8",
                  "success": "#52c41a",
                  "warning": "#faad14",
                },
              }
            }
          />
          <View
            accessibilityElementsHidden={true}
            importantForAccessibility="no-hide-descendants"
            pointerEvents="none"
            style={
              Object {
                "bottom": 0,
                "left": 0,
                "opacity": 1,
                "position": "absolute",
                "right": 0,
                "top": 0,
              }
            }
          >
            <View
              style={
                Object {
                  "alignItems": "center",
                  "backgroundColor": "#bdbdbd",
                  "height": 310,
                  "justifyContent": "center",
                  "width": 223,
                }
              }
              testID="RNE__Image__placeholder"
            >
              <ActivityIndicator
                animating={true}
                color="#0000ff"
                hidesWhenStopped={true}
                size="small"
              />
            </View>
          </View>
          <View
            style={
              Object {
                "height": 310,
                "width": 223,
              }
            }
          />
        </View>
      </View>
      <View
        style={
          Object {
            "flex": 1,
            "flexDirection": "row",
          }
        }
      >
        <Text
          style={
            Object {
              "fontWeight": "bold",
            }
          }
        >
          Name: 
        </Text>
        <Text>
          mock name
        </Text>
      </View>
      <View
        style={
          Object {
            "flex": 1,
            "flexDirection": "row",
          }
        }
      >
        <Text
          style={
            Object {
              "fontWeight": "bold",
            }
          }
        >
          Type: 
        </Text>
        <Text>
          mock type
        </Text>
      </View>
      <View
        style={
          Object {
            "flex": 1,
            "flexDirection": "row",
          }
        }
      >
        <Text
          style={
            Object {
              "fontWeight": "bold",
            }
          }
        >
          Colors: 
        </Text>
        <View>
          <View
            style={
              Object {
                "alignItems": "center",
                "backgroundColor": "transparent",
                "justifyContent": "center",
              }
            }
            theme={
              Object {
                "colors": Object {
                  "disabled": "hsl(208, 8%, 90%)",
                  "divider": "#bcbbc1",
                  "error": "#ff190c",
                  "grey0": "#393e42",
                  "grey1": "#43484d",
                  "grey2": "#5e6977",
                  "grey3": "#86939e",
                  "grey4": "#bdc6cf",
                  "grey5": "#e1e8ee",
                  "greyOutline": "#bbb",
                  "platform": Object {
                    "android": Object {
                      "error": "#f44336",
                      "primary": "#2196f3",
                      "secondary": "#9C27B0",
                      "success": "#4caf50",
                      "warning": "#ffeb3b",
                    },
                    "ios": Object {
                      "error": "#ff3b30",
                      "primary": "#007aff",
                      "secondary": "#5856d6",
                      "success": "#4cd964",
                      "warning": "#ffcc00",
                    },
                  },
                  "primary": "#2089dc",
                  "searchBg": "#303337",
                  "secondary": "#8F0CE8",
                  "success": "#52c41a",
                  "warning": "#faad14",
                },
              }
            }
            underlayColor="white"
          >
            <Text />
          </View>
        </View>
      </View>
      <View
        style={
          Object {
            "flex": 1,
            "flexDirection": "row",
          }
        }
      >
        <Text
          style={
            Object {
              "fontWeight": "bold",
            }
          }
        >
          Set name: 
        </Text>
        <Text>
          mock set name
        </Text>
      </View>
    </View>
  </View>
</View>
`;
